gen   0  best= 182.90  mean= 162.75  near=Pavlov     p=(0.80,0.45,0.08,0.32,0.51)  genr=0.08
gen   1  best= 166.22  mean= 155.60  near=Pavlov     p=(0.77,0.44,0.09,0.25,0.44)  genr=0.09
gen   2  best= 159.01  mean= 150.84  near=Pavlov     p=(0.73,0.43,0.07,0.14,0.43)  genr=0.07
gen   3  best= 152.90  mean= 147.98  near=Pavlov     p=(0.83,0.41,0.09,0.15,0.42)  genr=0.09
gen   4  best= 151.17  mean= 147.23  near=ALLD       p=(0.69,0.36,0.07,0.32,0.36)  genr=0.07
gen   5  best= 149.86  mean= 146.23  near=Pavlov     p=(0.73,0.43,0.07,0.14,0.43)  genr=0.07
gen   6  best= 148.31  mean= 143.27  near=ALLD       p=(0.68,0.40,0.00,0.07,0.36)  genr=0.00
gen   7  best= 147.12  mean= 141.83  near=ALLD       p=(0.70,0.32,0.03,0.04,0.25)  genr=0.03
gen   8  best= 148.04  mean= 140.14  near=ALLD       p=(0.60,0.25,0.06,0.00,0.16)  genr=0.06
gen   9  best= 141.94  mean= 136.86  near=ALLD       p=(0.66,0.23,0.02,0.02,0.17)  genr=0.02
gen  10  best= 141.42  mean= 136.04  near=ALLD       p=(0.64,0.24,0.02,0.00,0.16)  genr=0.02
gen  11  best= 140.14  mean= 133.99  near=ALLD       p=(0.70,0.20,0.00,0.00,0.11)  genr=0.00
gen  12  best= 134.37  mean= 129.78  near=ALLD       p=(0.68,0.32,0.08,0.01,0.02)  genr=0.08
gen  13  best= 128.42  mean= 124.57  near=ALLD       p=(0.68,0.27,0.04,0.00,0.00)  genr=0.04
gen  14  best= 123.85  mean= 121.99  near=ALLD       p=(0.57,0.25,0.09,0.01,0.00)  genr=0.09
gen  15  best= 124.24  mean= 121.39  near=ALLD       p=(0.44,0.36,0.08,0.02,0.00)  genr=0.08
gen  16  best= 122.73  mean= 120.40  near=ALLD       p=(0.45,0.32,0.01,0.00,0.00)  genr=0.01
gen  17  best= 121.43  mean= 119.90  near=ALLD       p=(0.35,0.38,0.02,0.04,0.00)  genr=0.02
gen  18  best= 122.91  mean= 120.41  near=ALLD       p=(0.52,0.21,0.03,0.03,0.00)  genr=0.03
gen  19  best= 124.38  mean= 122.27  near=ALLD       p=(0.64,0.00,0.15,0.04,0.00)  genr=0.15
gen  20  best= 124.02  mean= 121.69  near=ALLD       p=(0.47,0.15,0.00,0.00,0.00)  genr=0.00
gen  21  best= 124.85  mean= 121.92  near=ALLD       p=(0.38,0.23,0.00,0.00,0.00)  genr=0.00
gen  22  best= 124.58  mean= 121.80  near=ALLD       p=(0.37,0.25,0.00,0.01,0.00)  genr=0.00
gen  23  best= 122.90  mean= 120.57  near=ALLD       p=(0.35,0.28,0.06,0.00,0.00)  genr=0.06
gen  24  best= 120.60  mean= 118.88  near=ALLD       p=(0.32,0.29,0.12,0.00,0.00)  genr=0.12
gen  25  best= 125.20  mean= 122.17  near=ALLD       p=(0.48,0.33,0.00,0.00,0.00)  genr=0.00
gen  26  best= 122.85  mean= 121.00  near=ALLD       p=(0.56,0.27,0.21,0.00,0.00)  genr=0.21
gen  27  best= 123.57  mean= 121.03  near=ALLD       p=(0.27,0.19,0.15,0.00,0.00)  genr=0.15
gen  28  best= 123.71  mean= 121.14  near=ALLD       p=(0.25,0.17,0.01,0.02,0.00)  genr=0.01
gen  29  best= 124.37  mean= 121.36  near=ALLD       p=(0.42,0.21,0.06,0.00,0.00)  genr=0.06
gen  30  best= 120.48  mean= 119.15  near=ALLD       p=(0.42,0.30,0.00,0.00,0.00)  genr=0.00
gen  31  best= 121.70  mean= 119.39  near=ALLD       p=(0.38,0.21,0.09,0.00,0.00)  genr=0.09
gen  32  best= 121.47  mean= 119.29  near=ALLD       p=(0.45,0.32,0.01,0.00,0.00)  genr=0.01
gen  33  best= 121.94  mean= 119.21  near=ALLD       p=(0.37,0.19,0.00,0.01,0.00)  genr=0.00
gen  34  best= 123.07  mean= 121.03  near=ALLD       p=(0.17,0.25,0.05,0.00,0.05)  genr=0.05
PASS: seed 0 mixed champion, 35 history records, 20 genomes, 3,800 population matches, 180 champion matches, and 560 baseline matches replay exactly.
